first by master
third by master
second by sec
no.4 modify by master
no.5 modify by github
no.6 modify by github
no.7 modify by github
